INFO 2025-08-10 00:58:19,737 autoreload 59784 8771748224 Watching for file changes with StatReloader
INFO 2025-08-10 00:58:20,265 autoreload 59785 8771748224 Watching for file changes with StatReloader
INFO 2025-08-10 00:59:31,000 basehttp 59785 6193131520 "GET /admin/chat_core/contentfilterrule/add/ HTTP/1.1" 200 24403
INFO 2025-08-10 00:59:31,010 basehttp 59785 6193131520 "GET /admin/jsi18n/ HTTP/1.1" 200 3342
INFO 2025-08-10 00:59:48,330 basehttp 59785 6193131520 "GET /admin/chat_core/translationcache/ HTTP/1.1" 200 16167
INFO 2025-08-10 00:59:48,339 basehttp 59785 6193131520 "GET /admin/jsi18n/ HTTP/1.1" 200 3342
INFO 2025-08-10 01:07:43,382 basehttp 59785 6193131520 "GET /admin/chat_core/translationcache/ HTTP/1.1" 200 16167
INFO 2025-08-10 01:07:43,391 basehttp 59785 6193131520 "GET /admin/jsi18n/ HTTP/1.1" 200 3342
INFO 2025-08-10 01:07:50,782 basehttp 59785 6193131520 "GET /admin/chat_conversations/conversation/ HTTP/1.1" 200 19141
INFO 2025-08-10 01:07:50,792 basehttp 59785 6193131520 "GET /admin/jsi18n/ HTTP/1.1" 200 3342
INFO 2025-08-10 01:17:25,459 autoreload 59785 8771748224 /Users/thulanimoyo/MEGA downloads/new downloads/BIDR_Backend/chat_service/chat_messaging/models.py changed, reloading.
INFO 2025-08-10 01:17:25,958 autoreload 61472 8771748224 Watching for file changes with StatReloader
INFO 2025-08-10 01:17:26,229 autoreload 59784 8771748224 /Users/thulanimoyo/MEGA downloads/new downloads/BIDR_Backend/chat_service/chat_messaging/models.py changed, reloading.
INFO 2025-08-10 01:17:26,482 autoreload 61475 8771748224 Watching for file changes with StatReloader
INFO 2025-08-10 01:17:34,728 autoreload 61475 8771748224 /Users/thulanimoyo/MEGA downloads/new downloads/BIDR_Backend/chat_service/chat_core/models.py changed, reloading.
INFO 2025-08-10 01:17:34,997 autoreload 61491 8771748224 Watching for file changes with StatReloader
INFO 2025-08-10 01:17:35,205 autoreload 61472 8771748224 /Users/thulanimoyo/MEGA downloads/new downloads/BIDR_Backend/chat_service/chat_core/models.py changed, reloading.
INFO 2025-08-10 01:17:35,477 autoreload 61492 8771748224 Watching for file changes with StatReloader
INFO 2025-08-10 01:17:43,756 autoreload 61492 8771748224 /Users/thulanimoyo/MEGA downloads/new downloads/BIDR_Backend/chat_service/chat_messaging/models.py changed, reloading.
INFO 2025-08-10 01:17:44,156 autoreload 61513 8771748224 Watching for file changes with StatReloader
INFO 2025-08-10 01:17:44,263 autoreload 61491 8771748224 /Users/thulanimoyo/MEGA downloads/new downloads/BIDR_Backend/chat_service/chat_messaging/models.py changed, reloading.
INFO 2025-08-10 01:17:44,579 autoreload 61517 8771748224 Watching for file changes with StatReloader
INFO 2025-08-10 01:22:06,008 autoreload 61513 8771748224 /Users/thulanimoyo/MEGA downloads/new downloads/BIDR_Backend/chat_service/chat_core/models.py changed, reloading.
INFO 2025-08-10 01:22:06,382 autoreload 62623 8771748224 Watching for file changes with StatReloader
INFO 2025-08-10 01:22:06,420 autoreload 61517 8771748224 /Users/thulanimoyo/MEGA downloads/new downloads/BIDR_Backend/chat_service/chat_core/models.py changed, reloading.
INFO 2025-08-10 01:22:06,666 autoreload 62624 8771748224 Watching for file changes with StatReloader
INFO 2025-08-10 01:23:43,642 basehttp 62623 6156152832 "GET /admin/chat_conversations/conversation/ HTTP/1.1" 200 19141
INFO 2025-08-10 01:23:43,687 basehttp 62623 6156152832 "GET /admin/jsi18n/ HTTP/1.1" 200 3342
INFO 2025-08-10 01:23:45,060 basehttp 62623 6156152832 "GET /admin/chat_conversations/conversation/ HTTP/1.1" 200 19141
INFO 2025-08-10 01:23:45,070 basehttp 62623 6156152832 "GET /admin/jsi18n/ HTTP/1.1" 200 3342
INFO 2025-08-10 01:23:45,758 basehttp 62623 6156152832 "GET /admin/chat_conversations/conversation/ HTTP/1.1" 200 19141
INFO 2025-08-10 01:23:45,769 basehttp 62623 6156152832 "GET /admin/jsi18n/ HTTP/1.1" 200 3342
INFO 2025-08-10 01:23:46,387 basehttp 62623 6156152832 "GET /admin/chat_conversations/conversation/ HTTP/1.1" 200 19141
INFO 2025-08-10 01:23:46,398 basehttp 62623 6156152832 "GET /admin/jsi18n/ HTTP/1.1" 200 3342
INFO 2025-08-10 01:23:46,881 basehttp 62623 6156152832 "GET /admin/chat_conversations/conversation/ HTTP/1.1" 200 19141
INFO 2025-08-10 01:23:46,890 basehttp 62623 6156152832 "GET /admin/jsi18n/ HTTP/1.1" 200 3342
INFO 2025-08-10 01:23:47,215 basehttp 62623 6156152832 "GET /admin/chat_conversations/conversation/ HTTP/1.1" 200 19141
INFO 2025-08-10 01:23:47,223 basehttp 62623 6156152832 "GET /admin/jsi18n/ HTTP/1.1" 200 3342
INFO 2025-08-10 01:25:21,340 autoreload 62623 8771748224 /Users/thulanimoyo/MEGA downloads/new downloads/BIDR_Backend/chat_service/chat_messaging/models.py changed, reloading.
INFO 2025-08-10 01:25:21,455 autoreload 62624 8771748224 /Users/thulanimoyo/MEGA downloads/new downloads/BIDR_Backend/chat_service/chat_messaging/models.py changed, reloading.
INFO 2025-08-10 01:25:21,780 autoreload 63144 8771748224 Watching for file changes with StatReloader
INFO 2025-08-10 01:25:21,780 autoreload 63143 8771748224 Watching for file changes with StatReloader
INFO 2025-08-10 01:25:44,237 autoreload 63144 8771748224 /Users/thulanimoyo/MEGA downloads/new downloads/BIDR_Backend/chat_service/chat_messaging/models.py changed, reloading.
INFO 2025-08-10 01:25:44,280 autoreload 63143 8771748224 /Users/thulanimoyo/MEGA downloads/new downloads/BIDR_Backend/chat_service/chat_messaging/models.py changed, reloading.
INFO 2025-08-10 01:25:44,550 autoreload 63196 8771748224 Watching for file changes with StatReloader
INFO 2025-08-10 01:25:44,550 autoreload 63195 8771748224 Watching for file changes with StatReloader
INFO 2025-08-10 01:25:49,888 basehttp 63196 6165590016 "GET /admin/chat_conversations/conversation/ HTTP/1.1" 200 19141
INFO 2025-08-10 01:25:49,912 basehttp 63196 6165590016 "GET /admin/jsi18n/ HTTP/1.1" 200 3342
INFO 2025-08-10 01:26:23,759 basehttp 63196 6165590016 "GET /admin/chat_conversations/conversation/ HTTP/1.1" 200 19141
INFO 2025-08-10 01:26:23,769 basehttp 63196 6165590016 "GET /admin/jsi18n/ HTTP/1.1" 200 3342
INFO 2025-08-10 01:34:10,089 autoreload 63196 8771748224 /Users/thulanimoyo/MEGA downloads/new downloads/BIDR_Backend/chat_service/chat_service/urls.py changed, reloading.
INFO 2025-08-10 01:34:10,437 autoreload 64027 8771748224 Watching for file changes with StatReloader
INFO 2025-08-10 01:34:10,625 autoreload 63195 8771748224 /Users/thulanimoyo/MEGA downloads/new downloads/BIDR_Backend/chat_service/chat_service/urls.py changed, reloading.
INFO 2025-08-10 01:34:10,844 autoreload 64028 8771748224 Watching for file changes with StatReloader
INFO 2025-08-10 01:34:19,105 autoreload 64093 8771748224 Watching for file changes with StatReloader
INFO 2025-08-10 01:38:04,244 autoreload 64655 8771748224 Watching for file changes with StatReloader
INFO 2025-08-10 01:40:09,500 autoreload 64027 8771748224 /Users/thulanimoyo/MEGA downloads/new downloads/BIDR_Backend/chat_service/chat_service/settings.py changed, reloading.
INFO 2025-08-10 01:40:09,754 autoreload 64028 8771748224 /Users/thulanimoyo/MEGA downloads/new downloads/BIDR_Backend/chat_service/chat_service/settings.py changed, reloading.
INFO 2025-08-10 01:40:09,859 autoreload 65279 8771748224 Watching for file changes with StatReloader
INFO 2025-08-10 01:40:09,983 autoreload 65280 8771748224 Watching for file changes with StatReloader
INFO 2025-08-10 01:40:17,328 autoreload 65279 8771748224 /Users/thulanimoyo/MEGA downloads/new downloads/BIDR_Backend/chat_service/chat_service/settings.py changed, reloading.
INFO 2025-08-10 01:40:17,418 autoreload 65280 8771748224 /Users/thulanimoyo/MEGA downloads/new downloads/BIDR_Backend/chat_service/chat_service/settings.py changed, reloading.
INFO 2025-08-10 01:40:17,573 autoreload 65296 8771748224 Watching for file changes with StatReloader
INFO 2025-08-10 01:40:17,636 autoreload 65297 8771748224 Watching for file changes with StatReloader
INFO 2025-08-10 01:40:28,077 autoreload 65296 8771748224 /Users/thulanimoyo/MEGA downloads/new downloads/BIDR_Backend/chat_service/chat_service/settings.py changed, reloading.
INFO 2025-08-10 01:40:28,126 autoreload 65297 8771748224 /Users/thulanimoyo/MEGA downloads/new downloads/BIDR_Backend/chat_service/chat_service/settings.py changed, reloading.
INFO 2025-08-10 01:40:28,377 autoreload 65319 8771748224 Watching for file changes with StatReloader
INFO 2025-08-10 01:40:28,377 autoreload 65320 8771748224 Watching for file changes with StatReloader
INFO 2025-08-10 01:40:51,212 autoreload 65320 8771748224 /Users/thulanimoyo/MEGA downloads/new downloads/BIDR_Backend/chat_service/chat_service/settings.py changed, reloading.
INFO 2025-08-10 01:40:51,233 autoreload 65319 8771748224 /Users/thulanimoyo/MEGA downloads/new downloads/BIDR_Backend/chat_service/chat_service/settings.py changed, reloading.
INFO 2025-08-10 01:40:51,438 autoreload 65456 8771748224 Watching for file changes with StatReloader
INFO 2025-08-10 01:40:51,465 autoreload 65457 8771748224 Watching for file changes with StatReloader
INFO 2025-08-10 01:40:58,835 autoreload 65457 8771748224 /Users/thulanimoyo/MEGA downloads/new downloads/BIDR_Backend/chat_service/chat_service/settings.py changed, reloading.
INFO 2025-08-10 01:40:58,848 autoreload 65456 8771748224 /Users/thulanimoyo/MEGA downloads/new downloads/BIDR_Backend/chat_service/chat_service/settings.py changed, reloading.
INFO 2025-08-10 01:40:59,081 autoreload 65473 8771748224 Watching for file changes with StatReloader
INFO 2025-08-10 01:40:59,090 autoreload 65474 8771748224 Watching for file changes with StatReloader
INFO 2025-08-10 01:41:49,924 autoreload 65474 8771748224 /Users/thulanimoyo/MEGA downloads/new downloads/BIDR_Backend/chat_service/chat_service/urls.py changed, reloading.
INFO 2025-08-10 01:41:49,981 autoreload 65473 8771748224 /Users/thulanimoyo/MEGA downloads/new downloads/BIDR_Backend/chat_service/chat_service/urls.py changed, reloading.
INFO 2025-08-10 01:41:50,391 autoreload 65690 8771748224 Watching for file changes with StatReloader
INFO 2025-08-10 01:41:50,392 autoreload 65689 8771748224 Watching for file changes with StatReloader
INFO 2025-08-10 01:41:58,948 autoreload 65690 8771748224 /Users/thulanimoyo/MEGA downloads/new downloads/BIDR_Backend/chat_service/chat_service/urls.py changed, reloading.
INFO 2025-08-10 01:41:58,972 autoreload 65689 8771748224 /Users/thulanimoyo/MEGA downloads/new downloads/BIDR_Backend/chat_service/chat_service/urls.py changed, reloading.
INFO 2025-08-10 01:41:59,178 autoreload 65708 8771748224 Watching for file changes with StatReloader
INFO 2025-08-10 01:41:59,198 autoreload 65709 8771748224 Watching for file changes with StatReloader
INFO 2025-08-10 01:42:06,651 autoreload 65708 8771748224 /Users/thulanimoyo/MEGA downloads/new downloads/BIDR_Backend/chat_service/chat_service/urls.py changed, reloading.
INFO 2025-08-10 01:42:06,653 autoreload 65709 8771748224 /Users/thulanimoyo/MEGA downloads/new downloads/BIDR_Backend/chat_service/chat_service/urls.py changed, reloading.
INFO 2025-08-10 01:42:06,928 autoreload 65727 8771748224 Watching for file changes with StatReloader
INFO 2025-08-10 01:42:06,928 autoreload 65726 8771748224 Watching for file changes with StatReloader
INFO 2025-08-10 01:42:13,621 autoreload 65783 8771748224 Watching for file changes with StatReloader
INFO 2025-08-10 01:42:45,315 autoreload 65727 8771748224 /Users/thulanimoyo/MEGA downloads/new downloads/BIDR_Backend/chat_service/chat_service/urls.py changed, reloading.
INFO 2025-08-10 01:42:45,318 autoreload 65726 8771748224 /Users/thulanimoyo/MEGA downloads/new downloads/BIDR_Backend/chat_service/chat_service/urls.py changed, reloading.
INFO 2025-08-10 01:42:45,672 autoreload 65920 8771748224 Watching for file changes with StatReloader
INFO 2025-08-10 01:42:45,672 autoreload 65921 8771748224 Watching for file changes with StatReloader
INFO 2025-08-10 01:42:58,936 autoreload 66035 8771748224 Watching for file changes with StatReloader
INFO 2025-08-10 01:45:21,872 autoreload 65921 8771748224 /Users/thulanimoyo/MEGA downloads/new downloads/BIDR_Backend/chat_service/chat_service/settings.py changed, reloading.
INFO 2025-08-10 01:45:22,307 autoreload 66586 8771748224 Watching for file changes with StatReloader
INFO 2025-08-10 01:45:22,826 autoreload 65920 8771748224 /Users/thulanimoyo/MEGA downloads/new downloads/BIDR_Backend/chat_service/chat_service/settings.py changed, reloading.
INFO 2025-08-10 01:45:23,035 autoreload 66587 8771748224 Watching for file changes with StatReloader
INFO 2025-08-10 01:45:28,761 autoreload 66644 8771748224 Watching for file changes with StatReloader
INFO 2025-08-10 01:46:51,371 autoreload 67077 8771748224 Watching for file changes with StatReloader
WARNING 2025-08-10 01:47:05,896 log 67077 6199095296 Unauthorized: /api/v1/core/profiles/
WARNING 2025-08-10 01:47:05,896 basehttp 67077 6199095296 "GET /api/v1/core/profiles/ HTTP/1.1" 401 58
INFO 2025-08-10 01:47:25,297 autoreload 66587 8771748224 /Users/thulanimoyo/MEGA downloads/new downloads/BIDR_Backend/chat_service/chat_core/views.py changed, reloading.
INFO 2025-08-10 01:47:25,649 autoreload 66586 8771748224 /Users/thulanimoyo/MEGA downloads/new downloads/BIDR_Backend/chat_service/chat_core/views.py changed, reloading.
INFO 2025-08-10 01:47:25,786 autoreload 67222 8771748224 Watching for file changes with StatReloader
INFO 2025-08-10 01:47:25,791 autoreload 67077 8771748224 /Users/thulanimoyo/MEGA downloads/new downloads/BIDR_Backend/chat_service/chat_core/views.py changed, reloading.
INFO 2025-08-10 01:47:26,058 autoreload 67223 8771748224 Watching for file changes with StatReloader
INFO 2025-08-10 01:47:26,159 autoreload 67224 8771748224 Watching for file changes with StatReloader
INFO 2025-08-10 01:47:32,327 autoreload 67222 8771748224 /Users/thulanimoyo/MEGA downloads/new downloads/BIDR_Backend/chat_service/chat_core/views.py changed, reloading.
INFO 2025-08-10 01:47:32,520 autoreload 67223 8771748224 /Users/thulanimoyo/MEGA downloads/new downloads/BIDR_Backend/chat_service/chat_core/views.py changed, reloading.
INFO 2025-08-10 01:47:32,557 autoreload 67240 8771748224 Watching for file changes with StatReloader
INFO 2025-08-10 01:47:32,558 autoreload 67224 8771748224 /Users/thulanimoyo/MEGA downloads/new downloads/BIDR_Backend/chat_service/chat_core/views.py changed, reloading.
INFO 2025-08-10 01:47:32,890 autoreload 67241 8771748224 Watching for file changes with StatReloader
INFO 2025-08-10 01:47:32,932 autoreload 67242 8771748224 Watching for file changes with StatReloader
ERROR 2025-08-10 01:47:39,204 log 67242 6201323520 Internal Server Error: /api/v1/core/profiles/
Traceback (most recent call last):
  File "/Library/Frameworks/Python.framework/Versions/3.10/lib/python3.10/site-packages/django/db/models/fields/__init__.py", line 2113, in get_prep_value
    return int(value)
  File "/Library/Frameworks/Python.framework/Versions/3.10/lib/python3.10/site-packages/django/contrib/auth/models.py", line 437, in __int__
    raise TypeError(
TypeError: Cannot cast AnonymousUser to int. Are you trying to use it in place of User?

The above exception was the direct cause of the following exception:

Traceback (most recent call last):
  File "/Library/Frameworks/Python.framework/Versions/3.10/lib/python3.10/site-packages/django/core/handlers/exception.py", line 55, in inner
    response = get_response(request)
  File "/Library/Frameworks/Python.framework/Versions/3.10/lib/python3.10/site-packages/django/core/handlers/base.py", line 197, in _get_response
    response = wrapped_callback(request, *callback_args, **callback_kwargs)
  File "/Library/Frameworks/Python.framework/Versions/3.10/lib/python3.10/site-packages/django/views/decorators/csrf.py", line 65, in _view_wrapper
    return view_func(request, *args, **kwargs)
  File "/Library/Frameworks/Python.framework/Versions/3.10/lib/python3.10/site-packages/rest_framework/viewsets.py", line 124, in view
    return self.dispatch(request, *args, **kwargs)
  File "/Library/Frameworks/Python.framework/Versions/3.10/lib/python3.10/site-packages/rest_framework/views.py", line 509, in dispatch
    response = self.handle_exception(exc)
  File "/Library/Frameworks/Python.framework/Versions/3.10/lib/python3.10/site-packages/rest_framework/views.py", line 469, in handle_exception
    self.raise_uncaught_exception(exc)
  File "/Library/Frameworks/Python.framework/Versions/3.10/lib/python3.10/site-packages/rest_framework/views.py", line 480, in raise_uncaught_exception
    raise exc
  File "/Library/Frameworks/Python.framework/Versions/3.10/lib/python3.10/site-packages/rest_framework/views.py", line 506, in dispatch
    response = handler(request, *args, **kwargs)
  File "/Library/Frameworks/Python.framework/Versions/3.10/lib/python3.10/site-packages/rest_framework/mixins.py", line 38, in list
    queryset = self.filter_queryset(self.get_queryset())
  File "/Users/thulanimoyo/MEGA downloads/new downloads/BIDR_Backend/chat_service/chat_core/views.py", line 34, in get_queryset
    return self.queryset.filter(user=self.request.user)
  File "/Library/Frameworks/Python.framework/Versions/3.10/lib/python3.10/site-packages/django/db/models/query.py", line 1476, in filter
    return self._filter_or_exclude(False, args, kwargs)
  File "/Library/Frameworks/Python.framework/Versions/3.10/lib/python3.10/site-packages/django/db/models/query.py", line 1494, in _filter_or_exclude
    clone._filter_or_exclude_inplace(negate, args, kwargs)
  File "/Library/Frameworks/Python.framework/Versions/3.10/lib/python3.10/site-packages/django/db/models/query.py", line 1501, in _filter_or_exclude_inplace
    self._query.add_q(Q(*args, **kwargs))
  File "/Library/Frameworks/Python.framework/Versions/3.10/lib/python3.10/site-packages/django/db/models/sql/query.py", line 1613, in add_q
    clause, _ = self._add_q(q_object, self.used_aliases)
  File "/Library/Frameworks/Python.framework/Versions/3.10/lib/python3.10/site-packages/django/db/models/sql/query.py", line 1645, in _add_q
    child_clause, needed_inner = self.build_filter(
  File "/Library/Frameworks/Python.framework/Versions/3.10/lib/python3.10/site-packages/django/db/models/sql/query.py", line 1559, in build_filter
    condition = self.build_lookup(lookups, col, value)
  File "/Library/Frameworks/Python.framework/Versions/3.10/lib/python3.10/site-packages/django/db/models/sql/query.py", line 1389, in build_lookup
    lookup = lookup_class(lhs, rhs)
  File "/Library/Frameworks/Python.framework/Versions/3.10/lib/python3.10/site-packages/django/db/models/lookups.py", line 30, in __init__
    self.rhs = self.get_prep_lookup()
  File "/Library/Frameworks/Python.framework/Versions/3.10/lib/python3.10/site-packages/django/db/models/fields/related_lookups.py", line 156, in get_prep_lookup
    self.rhs = target_field.get_prep_value(self.rhs)
  File "/Library/Frameworks/Python.framework/Versions/3.10/lib/python3.10/site-packages/django/db/models/fields/__init__.py", line 2115, in get_prep_value
    raise e.__class__(
TypeError: Field 'id' expected a number but got <django.contrib.auth.models.AnonymousUser object at 0x1067cb190>.
ERROR 2025-08-10 01:47:39,205 basehttp 67242 6201323520 "GET /api/v1/core/profiles/ HTTP/1.1" 500 156431
INFO 2025-08-10 01:47:52,549 autoreload 67240 8771748224 /Users/thulanimoyo/MEGA downloads/new downloads/BIDR_Backend/chat_service/chat_core/views.py changed, reloading.
INFO 2025-08-10 01:47:52,732 autoreload 67241 8771748224 /Users/thulanimoyo/MEGA downloads/new downloads/BIDR_Backend/chat_service/chat_core/views.py changed, reloading.
INFO 2025-08-10 01:47:52,849 autoreload 67321 8771748224 Watching for file changes with StatReloader
INFO 2025-08-10 01:47:52,854 autoreload 67242 8771748224 /Users/thulanimoyo/MEGA downloads/new downloads/BIDR_Backend/chat_service/chat_core/views.py changed, reloading.
INFO 2025-08-10 01:47:52,964 autoreload 67322 8771748224 Watching for file changes with StatReloader
INFO 2025-08-10 01:47:53,077 autoreload 67323 8771748224 Watching for file changes with StatReloader
INFO 2025-08-10 01:48:00,401 autoreload 67322 8771748224 /Users/thulanimoyo/MEGA downloads/new downloads/BIDR_Backend/chat_service/chat_core/views.py changed, reloading.
INFO 2025-08-10 01:48:00,539 autoreload 67323 8771748224 /Users/thulanimoyo/MEGA downloads/new downloads/BIDR_Backend/chat_service/chat_core/views.py changed, reloading.
INFO 2025-08-10 01:48:00,759 autoreload 67339 8771748224 Watching for file changes with StatReloader
INFO 2025-08-10 01:48:00,861 autoreload 67340 8771748224 Watching for file changes with StatReloader
INFO 2025-08-10 01:48:01,379 autoreload 67321 8771748224 /Users/thulanimoyo/MEGA downloads/new downloads/BIDR_Backend/chat_service/chat_core/views.py changed, reloading.
INFO 2025-08-10 01:48:01,733 autoreload 67345 8771748224 Watching for file changes with StatReloader
INFO 2025-08-10 01:48:07,695 basehttp 67340 13052751872 "GET /api/v1/core/profiles/ HTTP/1.1" 200 5880
INFO 2025-08-10 01:48:15,258 basehttp 67340 13052751872 "GET /api/v1/core/config/ HTTP/1.1" 200 1031
INFO 2025-08-10 01:48:22,569 basehttp 67340 13052751872 "POST /api/auth/token/ HTTP/1.1" 200 52
INFO 2025-08-10 01:48:29,832 basehttp 67340 13052751872 "GET /api/v1/core/profiles/ HTTP/1.1" 200 5880
INFO 2025-08-10 01:49:23,083 basehttp 67339 6130757632 "GET /admin/chat_conversations/conversation/ HTTP/1.1" 200 19690
INFO 2025-08-10 01:49:23,096 basehttp 67339 6130757632 "GET /admin/jsi18n/ HTTP/1.1" 200 3342
INFO 2025-08-10 01:49:25,063 basehttp 67339 6130757632 "GET /admin/chat_conversations/conversation/ HTTP/1.1" 200 19690
INFO 2025-08-10 01:49:25,073 basehttp 67339 6130757632 "GET /admin/jsi18n/ HTTP/1.1" 200 3342
INFO 2025-08-10 01:49:27,911 basehttp 67339 6130757632 "GET /admin/chat_conversations/conversation/add/ HTTP/1.1" 200 28633
INFO 2025-08-10 01:49:27,927 basehttp 67339 6130757632 "GET /admin/jsi18n/ HTTP/1.1" 200 3342
INFO 2025-08-10 01:49:39,322 basehttp 67339 6130757632 "POST /admin/chat_conversations/conversation/add/ HTTP/1.1" 302 0
INFO 2025-08-10 01:49:39,340 basehttp 67339 6130757632 "GET /admin/chat_conversations/conversation/ HTTP/1.1" 200 23359
INFO 2025-08-10 01:49:39,351 basehttp 67339 6130757632 "GET /admin/jsi18n/ HTTP/1.1" 200 3342
INFO 2025-08-10 01:49:39,372 basehttp 67339 6130757632 "GET /static/admin/img/icon-yes.svg HTTP/1.1" 200 436
INFO 2025-08-10 01:49:39,373 basehttp 67339 6147584000 "GET /static/admin/img/sorting-icons.svg HTTP/1.1" 200 1097
INFO 2025-08-10 01:49:42,118 basehttp 67339 6130757632 "GET /admin/chat_conversations/conversationtag/ HTTP/1.1" 200 17259
INFO 2025-08-10 01:49:42,132 basehttp 67339 6130757632 "GET /admin/jsi18n/ HTTP/1.1" 200 3342
INFO 2025-08-10 01:49:43,352 basehttp 67339 6130757632 "GET /admin/chat_conversations/conversationtag/add/ HTTP/1.1" 200 21476
INFO 2025-08-10 01:49:43,362 basehttp 67339 6130757632 "GET /admin/jsi18n/ HTTP/1.1" 200 3342
INFO 2025-08-10 01:49:45,835 basehttp 67339 6130757632 "GET /admin/chat_conversations/conversationtag/ HTTP/1.1" 200 17259
INFO 2025-08-10 03:07:56,398 autoreload 67339 8771748224 /Users/thulanimoyo/MEGA downloads/new downloads/BIDR_Backend/chat_service/chat_notifications/migrations/0001_initial.py changed, reloading.
INFO 2025-08-10 03:07:56,697 autoreload 67340 8771748224 /Users/thulanimoyo/MEGA downloads/new downloads/BIDR_Backend/chat_service/chat_notifications/migrations/0001_initial.py changed, reloading.
INFO 2025-08-10 03:07:56,700 autoreload 67345 8771748224 /Users/thulanimoyo/MEGA downloads/new downloads/BIDR_Backend/chat_service/chat_core/models.py changed, reloading.
INFO 2025-08-10 03:07:57,178 autoreload 77589 8771748224 Watching for file changes with StatReloader
INFO 2025-08-10 03:07:57,287 autoreload 77593 8771748224 Watching for file changes with StatReloader
INFO 2025-08-10 03:07:57,300 autoreload 77594 8771748224 Watching for file changes with StatReloader
INFO 2025-08-26 23:33:54,928 autoreload 13838 8697595328 Watching for file changes with StatReloader
INFO 2025-08-26 23:41:37,034 autoreload 16713 8697595328 Watching for file changes with StatReloader
INFO 2025-08-26 23:42:37,350 autoreload 13838 8697595328 /Users/thulanimoyo/MEGA downloads/new downloads/BIDR_Backend/chat_service/chat_conversations/models.py changed, reloading.
INFO 2025-08-26 23:42:37,909 autoreload 17107 8697595328 Watching for file changes with StatReloader
INFO 2025-08-26 23:42:45,379 autoreload 17107 8697595328 /Users/thulanimoyo/MEGA downloads/new downloads/BIDR_Backend/chat_service/chat_conversations/models.py changed, reloading.
INFO 2025-08-26 23:42:45,711 autoreload 17152 8697595328 Watching for file changes with StatReloader
INFO 2025-08-26 23:44:38,680 autoreload 17972 8697595328 Watching for file changes with StatReloader
INFO 2025-08-26 23:47:05,965 autoreload 17152 8697595328 /Users/thulanimoyo/MEGA downloads/new downloads/BIDR_Backend/chat_service/chat_service/urls.py changed, reloading.
INFO 2025-08-26 23:47:06,302 autoreload 19372 8697595328 Watching for file changes with StatReloader
INFO 2025-08-26 23:47:06,473 autoreload 17972 8697595328 /Users/thulanimoyo/MEGA downloads/new downloads/BIDR_Backend/chat_service/chat_service/urls.py changed, reloading.
INFO 2025-08-26 23:47:06,731 autoreload 19381 8697595328 Watching for file changes with StatReloader
INFO 2025-08-27 03:58:22,550 basehttp 19381 6137589760 "OPTIONS /api/auth/token/ HTTP/1.1" 200 0
WARNING 2025-08-27 03:58:22,692 log 19381 6137589760 Bad Request: /api/auth/token/
WARNING 2025-08-27 03:58:22,692 basehttp 19381 6137589760 "POST /api/auth/token/ HTTP/1.1" 400 68
INFO 2025-08-27 03:58:22,695 basehttp 19381 6137589760 "OPTIONS /api/v1/chat/conversations/create_for_request/ HTTP/1.1" 200 0
WARNING 2025-08-27 03:58:22,696 log 19381 6137589760 Unauthorized: /api/v1/chat/conversations/create_for_request/
WARNING 2025-08-27 03:58:22,696 basehttp 19381 6137589760 "POST /api/v1/chat/conversations/create_for_request/ HTTP/1.1" 401 58
INFO 2025-08-27 04:58:25,632 basehttp 19381 6137589760 "OPTIONS /api/auth/token/ HTTP/1.1" 200 0
WARNING 2025-08-27 04:58:25,785 log 19381 6137589760 Bad Request: /api/auth/token/
WARNING 2025-08-27 04:58:25,786 basehttp 19381 6137589760 "POST /api/auth/token/ HTTP/1.1" 400 68
INFO 2025-08-27 04:58:25,790 basehttp 19381 6137589760 "OPTIONS /api/v1/chat/conversations/create_for_request/ HTTP/1.1" 200 0
WARNING 2025-08-27 04:58:25,792 log 19381 6137589760 Unauthorized: /api/v1/chat/conversations/create_for_request/
WARNING 2025-08-27 04:58:25,792 basehttp 19381 6137589760 "POST /api/v1/chat/conversations/create_for_request/ HTTP/1.1" 401 58
WARNING 2025-08-27 05:04:22,244 log 19381 6137589760 Bad Request: /api/auth/token/
WARNING 2025-08-27 05:04:22,245 basehttp 19381 6137589760 "POST /api/auth/token/ HTTP/1.1" 400 68
WARNING 2025-08-27 05:04:22,252 log 19381 6137589760 Unauthorized: /api/v1/chat/conversations/create_for_request/
WARNING 2025-08-27 05:04:22,252 basehttp 19381 6137589760 "POST /api/v1/chat/conversations/create_for_request/ HTTP/1.1" 401 58
WARNING 2025-08-27 05:10:34,251 log 19381 6137589760 Bad Request: /api/auth/token/
WARNING 2025-08-27 05:10:34,252 basehttp 19381 6137589760 "POST /api/auth/token/ HTTP/1.1" 400 68
WARNING 2025-08-27 05:10:34,257 log 19381 6137589760 Unauthorized: /api/v1/chat/conversations/create_for_request/
WARNING 2025-08-27 05:10:34,257 basehttp 19381 6137589760 "POST /api/v1/chat/conversations/create_for_request/ HTTP/1.1" 401 58
WARNING 2025-08-27 06:27:53,889 log 19381 6137589760 Bad Request: /api/auth/token/
WARNING 2025-08-27 06:27:53,890 basehttp 19381 6137589760 "POST /api/auth/token/ HTTP/1.1" 400 68
WARNING 2025-08-27 06:27:53,919 log 19381 6137589760 Unauthorized: /api/v1/chat/conversations/create_for_request/
WARNING 2025-08-27 06:27:53,919 basehttp 19381 6137589760 "POST /api/v1/chat/conversations/create_for_request/ HTTP/1.1" 401 58
INFO 2025-08-27 06:33:10,828 basehttp 19372 6163099648 "OPTIONS //api/auth/token/ HTTP/1.1" 200 0
WARNING 2025-08-27 06:33:10,903 log 19372 6163099648 Not Found: //api/auth/token/
WARNING 2025-08-27 06:33:10,904 basehttp 19372 6163099648 "POST //api/auth/token/ HTTP/1.1" 404 3224
INFO 2025-08-27 06:33:10,937 basehttp 19372 6163099648 "OPTIONS //api/v1/chat/conversations/create_for_request/ HTTP/1.1" 200 0
WARNING 2025-08-27 06:33:10,950 log 19372 6163099648 Not Found: //api/v1/chat/conversations/create_for_request/
WARNING 2025-08-27 06:33:10,950 basehttp 19372 6163099648 "POST //api/v1/chat/conversations/create_for_request/ HTTP/1.1" 404 3314
INFO 2025-08-27 06:34:15,792 basehttp 19372 6163099648 "OPTIONS /api/auth/token/ HTTP/1.1" 200 0
WARNING 2025-08-27 06:34:16,065 log 19372 6163099648 Bad Request: /api/auth/token/
WARNING 2025-08-27 06:34:16,065 basehttp 19372 6163099648 "POST /api/auth/token/ HTTP/1.1" 400 68
INFO 2025-08-27 06:34:16,102 basehttp 19372 6163099648 "OPTIONS /api/v1/chat/conversations/create_for_request/ HTTP/1.1" 200 0
WARNING 2025-08-27 06:34:16,106 log 19372 6163099648 Unauthorized: /api/v1/chat/conversations/create_for_request/
WARNING 2025-08-27 06:34:16,106 basehttp 19372 6163099648 "POST /api/v1/chat/conversations/create_for_request/ HTTP/1.1" 401 58
WARNING 2025-08-27 06:38:41,467 log 19372 6163099648 Unauthorized: /api/v1/chat/conversations/create_for_request/
WARNING 2025-08-27 06:38:41,469 basehttp 19372 6163099648 "POST /api/v1/chat/conversations/create_for_request/ HTTP/1.1" 401 58
WARNING 2025-08-27 06:39:18,653 log 19372 6163099648 Unauthorized: /api/v1/chat/conversations/create_for_request/
WARNING 2025-08-27 06:39:18,671 basehttp 19372 6163099648 "POST /api/v1/chat/conversations/create_for_request/ HTTP/1.1" 401 58
INFO 2025-08-27 06:45:40,085 autoreload 19372 8697595328 /Users/thulanimoyo/MEGA downloads/new downloads/BIDR_Backend/chat_service/chat_conversations/views.py changed, reloading.
INFO 2025-08-27 06:45:40,330 autoreload 19381 8697595328 /Users/thulanimoyo/MEGA downloads/new downloads/BIDR_Backend/chat_service/chat_conversations/views.py changed, reloading.
INFO 2025-08-27 06:45:41,836 autoreload 11843 8697595328 Watching for file changes with StatReloader
INFO 2025-08-27 06:45:41,836 autoreload 11849 8697595328 Watching for file changes with StatReloader
INFO 2025-08-27 06:45:53,849 autoreload 11843 8697595328 /Users/thulanimoyo/MEGA downloads/new downloads/BIDR_Backend/chat_service/chat_messaging/serializers.py changed, reloading.
INFO 2025-08-27 06:45:53,880 autoreload 11849 8697595328 /Users/thulanimoyo/MEGA downloads/new downloads/BIDR_Backend/chat_service/chat_messaging/serializers.py changed, reloading.
INFO 2025-08-27 06:45:54,419 autoreload 11996 8697595328 Watching for file changes with StatReloader
INFO 2025-08-27 06:45:54,419 autoreload 11998 8697595328 Watching for file changes with StatReloader
INFO 2025-08-27 06:46:07,222 autoreload 11996 8697595328 /Users/thulanimoyo/MEGA downloads/new downloads/BIDR_Backend/chat_service/chat_messaging/models.py changed, reloading.
INFO 2025-08-27 06:46:07,240 autoreload 11998 8697595328 /Users/thulanimoyo/MEGA downloads/new downloads/BIDR_Backend/chat_service/chat_messaging/models.py changed, reloading.
INFO 2025-08-27 06:46:08,087 autoreload 12151 8697595328 Watching for file changes with StatReloader
INFO 2025-08-27 06:46:08,088 autoreload 12152 8697595328 Watching for file changes with StatReloader
INFO 2025-08-27 06:46:18,079 autoreload 12152 8697595328 /Users/thulanimoyo/MEGA downloads/new downloads/BIDR_Backend/chat_service/chat_messaging/models.py changed, reloading.
INFO 2025-08-27 06:46:18,080 autoreload 12151 8697595328 /Users/thulanimoyo/MEGA downloads/new downloads/BIDR_Backend/chat_service/chat_messaging/models.py changed, reloading.
INFO 2025-08-27 06:46:18,964 autoreload 12287 8697595328 Watching for file changes with StatReloader
INFO 2025-08-27 06:46:19,006 autoreload 12288 8697595328 Watching for file changes with StatReloader
INFO 2025-08-27 06:46:30,863 autoreload 12288 8697595328 /Users/thulanimoyo/MEGA downloads/new downloads/BIDR_Backend/chat_service/chat_conversations/models.py changed, reloading.
INFO 2025-08-27 06:46:30,898 autoreload 12287 8697595328 /Users/thulanimoyo/MEGA downloads/new downloads/BIDR_Backend/chat_service/chat_conversations/models.py changed, reloading.
INFO 2025-08-27 06:46:32,907 autoreload 12416 8697595328 Watching for file changes with StatReloader
INFO 2025-08-27 06:46:32,907 autoreload 12417 8697595328 Watching for file changes with StatReloader
INFO 2025-08-27 06:47:05,667 autoreload 12417 8697595328 /Users/thulanimoyo/MEGA downloads/new downloads/BIDR_Backend/chat_service/chat_messaging/serializers.py changed, reloading.
INFO 2025-08-27 06:47:05,668 autoreload 12416 8697595328 /Users/thulanimoyo/MEGA downloads/new downloads/BIDR_Backend/chat_service/chat_messaging/serializers.py changed, reloading.
INFO 2025-08-27 06:47:06,551 autoreload 12943 8697595328 Watching for file changes with StatReloader
INFO 2025-08-27 06:47:06,552 autoreload 12944 8697595328 Watching for file changes with StatReloader
INFO 2025-08-27 06:47:38,370 basehttp 12943 6124187648 "POST /api/v1/chat/conversations/create_for_request/ HTTP/1.1" 201 591
INFO 2025-08-27 06:47:38,910 basehttp 12943 6124187648 "POST /api/v1/chat/conversations/create_for_request/ HTTP/1.1" 200 591
INFO 2025-08-27 07:14:15,508 basehttp 12943 6124187648 "POST /api/v1/chat/conversations/create_for_request/ HTTP/1.1" 200 591
INFO 2025-08-27 07:14:16,180 basehttp 12943 6124187648 "POST /api/v1/chat/conversations/create_for_request/ HTTP/1.1" 200 591
WARNING 2025-08-27 07:22:35,764 log 12944 6131871744 Not Found: /api/conversations/
WARNING 2025-08-27 07:22:35,768 basehttp 12944 6131871744 "GET /api/conversations/ HTTP/1.1" 404 3229
INFO 2025-08-27 07:22:59,317 basehttp 12944 6131871744 "GET /api/v1/chat/conversations/ HTTP/1.1" 200 1262
INFO 2025-08-27 07:23:15,203 basehttp 12944 6131871744 "GET /api/v1/chat/conversations/ HTTP/1.1" 200 1262
INFO 2025-08-27 07:23:15,221 basehttp 12944 6148698112 "POST /api/v1/chat/conversations/d677f0e6-3ef5-4e09-8a18-481ef0b04704/send_message/ HTTP/1.1" 201 189
INFO 2025-08-27 07:23:25,877 basehttp 12944 6131871744 "GET /api/v1/chat/conversations/ HTTP/1.1" 200 1262
INFO 2025-08-27 07:23:25,898 basehttp 12944 6148698112 "GET /api/v1/chat/conversations/d677f0e6-3ef5-4e09-8a18-481ef0b04704/messages/ HTTP/1.1" 200 1657
INFO 2025-08-27 08:21:52,582 basehttp 12943 6124187648 "POST /api/v1/chat/conversations/create_for_request/ HTTP/1.1" 201 591
INFO 2025-08-27 08:21:53,458 basehttp 12943 6124187648 "POST /api/v1/chat/conversations/create_for_request/ HTTP/1.1" 200 591
INFO 2025-08-27 10:00:34,366 basehttp 12943 6124187648 "OPTIONS /api/v1/chat/conversations/create_for_request/ HTTP/1.1" 200 0
INFO 2025-08-27 10:00:35,178 basehttp 12943 6124187648 "POST /api/v1/chat/conversations/create_for_request/ HTTP/1.1" 200 616
INFO 2025-08-27 10:00:35,412 basehttp 12943 6124187648 "POST /api/v1/chat/conversations/create_for_request/ HTTP/1.1" 200 616
INFO 2025-08-27 10:08:37,554 basehttp 12944 6131871744 "OPTIONS /api/v1/chat/conversations/create_for_request/ HTTP/1.1" 200 0
INFO 2025-08-27 10:08:37,762 basehttp 12944 6131871744 "POST /api/v1/chat/conversations/create_for_request/ HTTP/1.1" 200 591
INFO 2025-08-27 10:08:38,208 basehttp 12944 6131871744 "POST /api/v1/chat/conversations/create_for_request/ HTTP/1.1" 200 591
INFO 2025-08-27 10:08:38,252 basehttp 12944 6131871744 "OPTIONS /api/v1/chat/conversations/725ec1fc-f48a-4fca-a981-6887aea21493/messages/ HTTP/1.1" 200 0
INFO 2025-08-27 10:08:38,292 basehttp 12944 6131871744 "GET /api/v1/chat/conversations/725ec1fc-f48a-4fca-a981-6887aea21493/messages/ HTTP/1.1" 200 2
INFO 2025-08-27 10:08:52,672 basehttp 12944 6131871744 "OPTIONS /api/v1/chat/conversations/725ec1fc-f48a-4fca-a981-6887aea21493/send_message/ HTTP/1.1" 200 0
INFO 2025-08-27 10:08:52,842 basehttp 12944 6131871744 "POST /api/v1/chat/conversations/725ec1fc-f48a-4fca-a981-6887aea21493/send_message/ HTTP/1.1" 201 173
INFO 2025-08-27 10:08:52,966 basehttp 12944 6131871744 "GET /api/v1/chat/conversations/725ec1fc-f48a-4fca-a981-6887aea21493/messages/ HTTP/1.1" 200 817
INFO 2025-08-27 10:11:18,088 basehttp 12944 6148698112 "GET /api/v1/chat/conversations/ HTTP/1.1" 200 1879
INFO 2025-08-27 10:11:18,141 basehttp 12944 6165524480 "GET /api/v1/chat/conversations/725ec1fc-f48a-4fca-a981-6887aea21493/messages/ HTTP/1.1" 200 817
INFO 2025-08-27 10:15:09,949 basehttp 12944 6131871744 "POST /api/v1/chat/conversations/create_for_request/ HTTP/1.1" 200 616
INFO 2025-08-27 10:15:10,415 basehttp 12944 6131871744 "POST /api/v1/chat/conversations/create_for_request/ HTTP/1.1" 200 616
INFO 2025-08-27 10:15:10,535 basehttp 12944 6131871744 "GET /api/v1/chat/conversations/725ec1fc-f48a-4fca-a981-6887aea21493/messages/ HTTP/1.1" 200 817
INFO 2025-08-27 10:15:23,365 basehttp 12944 6131871744 "POST /api/v1/chat/conversations/725ec1fc-f48a-4fca-a981-6887aea21493/send_message/ HTTP/1.1" 201 172
INFO 2025-08-27 10:15:23,424 basehttp 12944 6131871744 "GET /api/v1/chat/conversations/725ec1fc-f48a-4fca-a981-6887aea21493/messages/ HTTP/1.1" 200 1632
