INFO 2025-08-02 03:05:34,831 basehttp 37775 6174257152 "GET /api/v1/categories/categories/ HTTP/1.1" 200 52
WARNING 2025-08-02 03:05:43,336 log 37775 6174257152 Unauthorized: /api/v1/categories/categories/
WARNING 2025-08-02 03:05:43,337 basehttp 37775 6174257152 "POST /api/v1/categories/categories/ HTTP/1.1" 401 145
INFO 2025-08-02 03:05:48,931 basehttp 37775 6174257152 "GET /swagger.json HTTP/1.1" 200 12384
INFO 2025-08-02 03:06:11,658 basehttp 37775 6174257152 "GET /swagger/ HTTP/1.1" 200 1673
INFO 2025-08-02 03:06:11,661 basehttp 37775 6174257152 "GET /redoc/ HTTP/1.1" 200 943
INFO 2025-08-02 03:06:11,672 basehttp 37775 6174257152 "GET /swagger.json HTTP/1.1" 200 12384
INFO 2025-08-02 03:06:11,679 basehttp 37775 6174257152 "GET /api/v1/categories/categories/ HTTP/1.1" 200 52
WARNING 2025-08-02 03:06:11,680 log 37775 6174257152 Unauthorized: /api/v1/categories/categories/
WARNING 2025-08-02 03:06:11,680 basehttp 37775 6174257152 "POST /api/v1/categories/categories/ HTTP/1.1" 401 145
WARNING 2025-08-02 03:06:11,682 log 37775 6174257152 Unauthorized: /api/v1/products/
WARNING 2025-08-02 03:06:11,682 basehttp 37775 6174257152 "GET /api/v1/products/ HTTP/1.1" 401 145
WARNING 2025-08-02 03:06:11,684 log 37775 6174257152 Unauthorized: /api/v1/requests/
WARNING 2025-08-02 03:06:11,684 basehttp 37775 6174257152 "GET /api/v1/requests/ HTTP/1.1" 401 145
WARNING 2025-08-02 03:06:11,685 log 37775 6174257152 Unauthorized: /api/v1/quotes/
WARNING 2025-08-02 03:06:11,685 basehttp 37775 6174257152 "GET /api/v1/quotes/ HTTP/1.1" 401 145
WARNING 2025-08-02 03:06:11,687 log 37775 6174257152 Unauthorized: /api/v1/transactions/
WARNING 2025-08-02 03:06:11,687 basehttp 37775 6174257152 "GET /api/v1/transactions/ HTTP/1.1" 401 145
WARNING 2025-08-02 03:06:11,689 log 37775 6174257152 Unauthorized: /api/v1/ratings/
WARNING 2025-08-02 03:06:11,689 basehttp 37775 6174257152 "GET /api/v1/ratings/ HTTP/1.1" 401 145
INFO 2025-08-02 03:20:57,241 autoreload 40959 8321664320 Watching for file changes with StatReloader
INFO 2025-08-02 03:35:11,231 autoreload 43265 8321664320 Watching for file changes with StatReloader
INFO 2025-08-02 03:43:01,793 autoreload 44531 8321664320 Watching for file changes with StatReloader
INFO 2025-08-02 13:39:58,064 autoreload 11417 8321664320 Watching for file changes with StatReloader
INFO 2025-08-02 13:40:19,362 basehttp 11417 6189936640 "GET /admin/permissions/userrole/ HTTP/1.1" 302 0
INFO 2025-08-02 13:40:19,380 basehttp 11417 6189936640 "GET /admin/login/?next=/admin/permissions/userrole/ HTTP/1.1" 200 4200
INFO 2025-08-02 13:40:19,404 basehttp 11417 6189936640 "GET /static/admin/css/base.css HTTP/1.1" 200 21544
INFO 2025-08-02 13:40:19,408 basehttp 11417 6189936640 "GET /static/admin/css/dark_mode.css HTTP/1.1" 200 2682
INFO 2025-08-02 13:40:19,408 basehttp 11417 6206763008 "GET /static/admin/css/nav_sidebar.css HTTP/1.1" 200 2810
INFO 2025-08-02 13:40:19,408 basehttp 11417 6223589376 "GET /static/admin/css/login.css HTTP/1.1" 200 958
INFO 2025-08-02 13:40:19,409 basehttp 11417 6274068480 "GET /static/admin/js/nav_sidebar.js HTTP/1.1" 200 3063
INFO 2025-08-02 13:40:19,409 basehttp 11417 6257242112 "GET /static/admin/js/theme.js HTTP/1.1" 200 1943
INFO 2025-08-02 13:40:19,409 basehttp 11417 6240415744 "GET /static/admin/css/responsive.css HTTP/1.1" 200 17905
WARNING 2025-08-02 13:40:19,446 log 11417 6240415744 Not Found: /favicon.ico
WARNING 2025-08-02 13:40:19,446 basehttp 11417 6240415744 "GET /favicon.ico HTTP/1.1" 404 3466
INFO 2025-08-02 13:45:23,807 autoreload 12388 8321664320 Watching for file changes with StatReloader
INFO 2025-08-02 13:45:54,471 basehttp 12388 6122123264 "GET /admin/login/?next=/admin/permissions/userrole/ HTTP/1.1" 200 4200
INFO 2025-08-02 13:46:02,836 basehttp 12388 6122123264 "POST /admin/login/?next=/admin/permissions/userrole/ HTTP/1.1" 302 0
WARNING 2025-08-02 13:46:02,847 log 12388 6122123264 Not Found: /admin/permissions/userrole/
WARNING 2025-08-02 13:46:02,848 basehttp 12388 6122123264 "GET /admin/permissions/userrole/ HTTP/1.1" 404 9469
INFO 2025-08-02 13:46:07,249 basehttp 12388 6122123264 "GET /admin/ HTTP/1.1" 200 19774
INFO 2025-08-02 13:46:07,261 basehttp 12388 6122123264 "GET /static/admin/css/dashboard.css HTTP/1.1" 200 441
INFO 2025-08-02 13:46:07,265 basehttp 12388 6122123264 "GET /static/admin/img/icon-addlink.svg HTTP/1.1" 200 331
INFO 2025-08-02 13:46:07,265 basehttp 12388 6138949632 "GET /static/admin/img/icon-changelink.svg HTTP/1.1" 200 380
INFO 2025-08-02 13:46:07,266 basehttp 12388 6155776000 "GET /static/admin/img/icon-viewlink.svg HTTP/1.1" 200 581
INFO 2025-08-02 13:50:44,025 autoreload 13539 8321664320 Watching for file changes with StatReloader
INFO 2025-08-02 14:07:32,843 autoreload 16691 8321664320 Watching for file changes with StatReloader
INFO 2025-08-03 05:22:23,970 autoreload 27217 8321664320 Watching for file changes with StatReloader
INFO 2025-08-03 05:22:49,965 autoreload 27401 8321664320 Watching for file changes with StatReloader
INFO 2025-08-03 05:22:57,107 basehttp 27401 6133592064 "GET /api/v1/categories/categories/ HTTP/1.1" 200 52
INFO 2025-08-03 05:23:02,608 basehttp 27401 6133592064 "GET /swagger.json HTTP/1.1" 200 12384
WARNING 2025-08-03 05:23:08,746 log 27401 6133592064 Unauthorized: /api/v1/categories/attributes/
WARNING 2025-08-03 05:23:08,747 basehttp 27401 6133592064 "GET /api/v1/categories/attributes/ HTTP/1.1" 401 145
INFO 2025-08-03 05:26:41,038 basehttp 27401 6133592064 "GET /api/v1/categories/categories/ HTTP/1.1" 200 52
WARNING 2025-08-03 05:26:49,085 log 27401 6133592064 Unauthorized: /api/v1/categories/categories/
WARNING 2025-08-03 05:26:49,085 basehttp 27401 6133592064 "POST /api/v1/categories/categories/ HTTP/1.1" 401 145
INFO 2025-08-03 05:27:04,045 autoreload 27401 8321664320 /Users/thulanimoyo/BIDR_Backend/inventory_service/categories/views.py changed, reloading.
INFO 2025-08-03 05:27:04,587 autoreload 28086 8321664320 Watching for file changes with StatReloader
INFO 2025-08-03 05:27:11,117 basehttp 28086 6170472448 "POST /api/v1/categories/categories/ HTTP/1.1" 201 641
INFO 2025-08-03 05:27:17,401 basehttp 28086 6170472448 "POST /api/v1/categories/categories/ HTTP/1.1" 201 637
INFO 2025-08-03 05:27:24,595 basehttp 28086 6170472448 "POST /api/v1/categories/categories/ HTTP/1.1" 201 744
INFO 2025-08-03 05:27:31,401 basehttp 28086 6170472448 "POST /api/v1/categories/attributes/ HTTP/1.1" 201 627
INFO 2025-08-03 05:27:37,254 basehttp 28086 6170472448 "GET /api/v1/categories/categories/ HTTP/1.1" 200 4074
INFO 2025-08-03 05:27:44,178 basehttp 28086 6170472448 "PUT /api/v1/categories/categories/6fa135dc-0615-45f4-b9d2-3a2ebb492ce6/ HTTP/1.1" 200 739
INFO 2025-08-03 05:27:51,518 basehttp 28086 6170472448 "PATCH /api/v1/categories/categories/644930bd-2cb6-484f-a6d7-41a88d811479/ HTTP/1.1" 200 2029
INFO 2025-08-03 05:27:57,253 basehttp 28086 6170472448 "GET /api/v1/categories/categories/e8fdddbe-bce8-4c57-97f5-d73f4c10d202/ HTTP/1.1" 200 1371
INFO 2025-08-03 05:28:01,661 basehttp 28086 6170472448 "GET /api/v1/categories/categories/?status=active&is_featured=true HTTP/1.1" 200 2821
INFO 2025-08-03 05:28:04,305 basehttp 28086 6170472448 "GET /admin/ HTTP/1.1" 200 17312
INFO 2025-08-03 05:28:04,326 basehttp 28086 6325039104 "GET /static/admin/css/dark_mode.css HTTP/1.1" 200 2682
INFO 2025-08-03 05:28:04,326 basehttp 28086 6341865472 "GET /static/admin/css/nav_sidebar.css HTTP/1.1" 200 2810
INFO 2025-08-03 05:28:04,327 basehttp 28086 6358691840 "GET /static/admin/css/dashboard.css HTTP/1.1" 200 441
INFO 2025-08-03 05:28:04,327 basehttp 28086 6170472448 "GET /static/admin/css/base.css HTTP/1.1" 200 21544
INFO 2025-08-03 05:28:04,328 basehttp 28086 6392344576 "GET /static/admin/js/theme.js HTTP/1.1" 200 1943
INFO 2025-08-03 05:28:04,329 basehttp 28086 6375518208 "GET /static/admin/css/responsive.css HTTP/1.1" 200 17905
INFO 2025-08-03 05:28:04,329 basehttp 28086 6341865472 "GET /static/admin/js/nav_sidebar.js HTTP/1.1" 200 3063
INFO 2025-08-03 05:28:04,348 basehttp 28086 6170472448 "GET /static/admin/img/icon-viewlink.svg HTTP/1.1" 200 581
INFO 2025-08-03 05:28:04,349 basehttp 28086 6375518208 "GET /static/admin/img/icon-changelink.svg HTTP/1.1" 200 380
INFO 2025-08-03 05:28:04,349 basehttp 28086 6341865472 "GET /static/admin/img/icon-addlink.svg HTTP/1.1" 200 331
WARNING 2025-08-03 05:28:04,374 log 28086 6341865472 Not Found: /favicon.ico
WARNING 2025-08-03 05:28:04,374 basehttp 28086 6341865472 "GET /favicon.ico HTTP/1.1" 404 3352
INFO 2025-08-03 05:28:06,102 basehttp 28086 6409170944 "GET /api/v1/categories/categories/?search=engine HTTP/1.1" 200 1423
INFO 2025-08-03 05:28:07,973 basehttp 28086 6170472448 "GET /admin/analytics/analyticsreport/ HTTP/1.1" 200 18458
INFO 2025-08-03 05:28:07,988 basehttp 28086 6170472448 "GET /static/admin/css/changelists.css HTTP/1.1" 200 6811
INFO 2025-08-03 05:28:07,988 basehttp 28086 6358691840 "GET /static/admin/js/jquery.init.js HTTP/1.1" 200 347
INFO 2025-08-03 05:28:07,989 basehttp 28086 6375518208 "GET /static/admin/js/core.js HTTP/1.1" 200 6208
INFO 2025-08-03 05:28:07,989 basehttp 28086 6392344576 "GET /static/admin/js/admin/RelatedObjectLookups.js HTTP/1.1" 200 9042
INFO 2025-08-03 05:28:07,991 basehttp 28086 6341865472 "GET /static/admin/js/vendor/jquery/jquery.js HTTP/1.1" 200 285314
INFO 2025-08-03 05:28:07,991 basehttp 28086 6358691840 "GET /static/admin/js/urlify.js HTTP/1.1" 200 7887
INFO 2025-08-03 05:28:07,991 basehttp 28086 6375518208 "GET /static/admin/js/prepopulate.js HTTP/1.1" 200 1531
INFO 2025-08-03 05:28:07,991 basehttp 28086 6170472448 "GET /static/admin/js/actions.js HTTP/1.1" 200 8067
INFO 2025-08-03 05:28:07,992 basehttp 28086 6375518208 "GET /static/admin/img/search.svg HTTP/1.1" 200 458
INFO 2025-08-03 05:28:07,993 basehttp 28086 6325039104 "GET /admin/jsi18n/ HTTP/1.1" 200 3342
INFO 2025-08-03 05:28:07,994 basehttp 28086 6392344576 "GET /static/admin/js/vendor/xregexp/xregexp.js HTTP/1.1" 200 325171
INFO 2025-08-03 05:28:07,999 basehttp 28086 6392344576 "GET /static/admin/js/filters.js HTTP/1.1" 200 978
INFO 2025-08-03 05:28:08,013 basehttp 28086 6392344576 "GET /static/admin/img/tooltag-add.svg HTTP/1.1" 200 331
INFO 2025-08-03 05:28:10,786 basehttp 28086 6392344576 "GET /admin/categories/category/ HTTP/1.1" 200 22715
INFO 2025-08-03 05:28:10,801 basehttp 28086 6392344576 "GET /admin/jsi18n/ HTTP/1.1" 200 3342
INFO 2025-08-03 05:28:10,802 basehttp 28086 6325039104 "GET /static/admin/img/icon-yes.svg HTTP/1.1" 200 436
INFO 2025-08-03 05:28:10,802 basehttp 28086 6375518208 "GET /static/admin/img/icon-no.svg HTTP/1.1" 200 560
INFO 2025-08-03 05:28:11,028 basehttp 28086 6409170944 "GET /api/v1/categories/attributes/ HTTP/1.1" 200 679
INFO 2025-08-03 05:28:17,536 basehttp 28086 6170472448 "POST /api/v1/categories/attributes/ HTTP/1.1" 201 543
INFO 2025-08-03 05:28:22,951 basehttp 28086 6170472448 "PATCH /api/v1/categories/attributes/f5ea0e74-3a4e-45f9-92b2-08b02dfa3ee6/ HTTP/1.1" 200 584
INFO 2025-08-03 05:28:23,096 basehttp 28086 6170472448 "GET /admin/product_logs/productchangelog/ HTTP/1.1" 200 22140
INFO 2025-08-03 05:28:23,108 basehttp 28086 6170472448 "GET /admin/jsi18n/ HTTP/1.1" 200 3342
INFO 2025-08-03 05:28:23,997 basehttp 28086 6170472448 "GET /admin/product_logs/productaccesslog/ HTTP/1.1" 200 21709
INFO 2025-08-03 05:28:24,007 basehttp 28086 6170472448 "GET /admin/jsi18n/ HTTP/1.1" 200 3342
INFO 2025-08-03 05:28:25,487 basehttp 28086 6170472448 "GET /admin/product_requests/productrequest/ HTTP/1.1" 200 20095
INFO 2025-08-03 05:28:25,504 basehttp 28086 6170472448 "GET /admin/jsi18n/ HTTP/1.1" 200 3342
INFO 2025-08-03 05:28:26,405 basehttp 28086 6170472448 "GET /admin/product_requests/requestmessage/ HTTP/1.1" 200 18675
INFO 2025-08-03 05:28:26,419 basehttp 28086 6170472448 "GET /admin/jsi18n/ HTTP/1.1" 200 3342
INFO 2025-08-03 05:28:27,809 basehttp 28086 6170472448 "GET /admin/product_requests/requesttemplate/ HTTP/1.1" 200 18346
INFO 2025-08-03 05:28:27,823 basehttp 28086 6170472448 "GET /admin/jsi18n/ HTTP/1.1" 200 3342
INFO 2025-08-03 05:28:28,593 basehttp 28086 6170472448 "GET /admin/product_requests/requestwatchlist/ HTTP/1.1" 200 17907
INFO 2025-08-03 05:28:28,605 basehttp 28086 6170472448 "GET /admin/jsi18n/ HTTP/1.1" 200 3342
INFO 2025-08-03 05:28:29,227 basehttp 28086 6341865472 "POST /api/v1/categories/categories/ HTTP/1.1" 201 589
INFO 2025-08-03 05:28:31,869 basehttp 28086 6170472448 "GET /admin/products/inventorylog/ HTTP/1.1" 200 17822
INFO 2025-08-03 05:28:31,879 basehttp 28086 6170472448 "GET /admin/jsi18n/ HTTP/1.1" 200 3342
INFO 2025-08-03 05:28:35,333 basehttp 28086 6170472448 "DELETE /api/v1/categories/categories/5f8cb2d8-c314-49a6-bb88-4f8f52bfeb91/ HTTP/1.1" 204 0
INFO 2025-08-03 05:28:35,992 basehttp 28086 6170472448 "GET /admin/products/productreview/ HTTP/1.1" 200 18808
INFO 2025-08-03 05:28:36,015 basehttp 28086 6170472448 "GET /admin/jsi18n/ HTTP/1.1" 200 3342
INFO 2025-08-03 05:28:41,031 basehttp 28086 6170472448 "GET /api/v1/categories/categories/5f8cb2d8-c314-49a6-bb88-4f8f52bfeb91/ HTTP/1.1" 200 589
INFO 2025-08-03 05:28:41,731 basehttp 28086 6170472448 "GET /admin/token_blacklist/outstandingtoken/ HTTP/1.1" 200 15648
WARNING 2025-08-03 05:28:47,300 log 28086 6170472448 Not Found: /api/v1/categories/categories/00000000-0000-0000-0000-000000000000/
WARNING 2025-08-03 05:28:47,300 basehttp 28086 6170472448 "GET /api/v1/categories/categories/00000000-0000-0000-0000-000000000000/ HTTP/1.1" 404 136
INFO 2025-08-03 05:28:57,215 autoreload 28086 8321664320 /Users/thulanimoyo/BIDR_Backend/inventory_service/categories/views.py changed, reloading.
INFO 2025-08-03 05:28:57,645 autoreload 29116 8321664320 Watching for file changes with StatReloader
INFO 2025-08-03 05:30:19,923 basehttp 29116 6160101376 "GET /api/v1/categories/categories/?status=active&is_featured=true HTTP/1.1" 200 28046
INFO 2025-08-03 05:30:19,942 basehttp 29116 6176927744 "GET /static/rest_framework/css/bootstrap-tweaks.css HTTP/1.1" 200 3426
INFO 2025-08-03 05:30:19,944 basehttp 29116 6244233216 "GET /static/rest_framework/js/ajax-form.js HTTP/1.1" 200 3796
INFO 2025-08-03 05:30:19,944 basehttp 29116 6176927744 "GET /static/rest_framework/js/csrf.js HTTP/1.1" 200 1793
INFO 2025-08-03 05:30:19,944 basehttp 29116 6193754112 "GET /static/rest_framework/css/prettify.css HTTP/1.1" 200 817
INFO 2025-08-03 05:30:19,945 basehttp 29116 6210580480 "GET /static/rest_framework/css/default.css HTTP/1.1" 200 1152
INFO 2025-08-03 05:30:19,946 basehttp 29116 6160101376 "GET /static/rest_framework/css/bootstrap.min.css HTTP/1.1" 200 121457
INFO 2025-08-03 05:30:19,947 basehttp 29116 6176927744 "GET /static/rest_framework/js/load-ajax-form.js HTTP/1.1" 200 59
INFO 2025-08-03 05:30:19,948 basehttp 29116 6193754112 "GET /static/rest_framework/js/default.js HTTP/1.1" 200 1268
INFO 2025-08-03 05:30:19,948 basehttp 29116 6227406848 "GET /static/rest_framework/js/jquery-3.7.1.min.js HTTP/1.1" 200 87533
INFO 2025-08-03 05:30:19,949 basehttp 29116 6210580480 "GET /static/rest_framework/js/prettify-min.js HTTP/1.1" 200 13632
INFO 2025-08-03 05:30:19,949 basehttp 29116 6244233216 "GET /static/rest_framework/js/bootstrap.min.js HTTP/1.1" 200 39680
INFO 2025-08-03 05:30:19,957 basehttp 29116 6244233216 "GET /static/rest_framework/img/grid.png HTTP/1.1" 200 1458
INFO 2025-08-03 05:30:19,989 basehttp 29116 6244233216 "GET /static/rest_framework/fonts/glyphicons-halflings-regular.woff2 HTTP/1.1" 200 18028
INFO 2025-08-03 05:46:22,966 autoreload 29116 8321664320 /Users/thulanimoyo/BIDR_Backend/inventory_service/products/urls.py changed, reloading.
INFO 2025-08-03 05:46:23,457 autoreload 31006 8321664320 Watching for file changes with StatReloader
WARNING 2025-08-03 05:55:30,177 log 32047 8321664320 Unauthorized: /api/v1/products/products/
WARNING 2025-08-03 05:55:50,910 log 32133 8321664320 Unauthorized: /api/v1/products/products/
WARNING 2025-08-03 06:28:07,720 log 31006 6135574528 Not Found: /
WARNING 2025-08-03 06:28:07,722 basehttp 31006 6135574528 "GET / HTTP/1.1" 404 3301
